# Selected original failure blocks; complete raw run is in the evidence archive.
not ok 12 - snapshot files: invalid second selection is rejected before reading the first
  ---
  duration_ms: 2.843604
  type: 'test'
  location: '/mnt/data/ub-next/test/client-snapshot-files.test.mjs:30:1'
  failureType: 'testCodeFailure'
  error: 'Missing expected exception.'
  code: 'ERR_ASSERTION'
  name: 'AssertionError'
  operator: 'throws'
  stack: |-
    TestContext.<anonymous> (file:///mnt/data/ub-next/test/client-snapshot-files.test.mjs:34:12)
    Test.runInAsyncScope (node:async_hooks:214:14)
    Test.run (node:internal/test_runner/test:1047:25)
    Test.processPendingSubtests (node:internal/test_runner/test:744:18)
    Test.postRun (node:internal/test_runner/test:1173:19)
    Test.run (node:internal/test_runner/test:1101:12)
    async Test.processPendingSubtests (node:internal/test_runner/test:744:7)
  ...
not ok 39 - offline snapshot: strict request rejects {"operation":"page","consent":true,"options":null}
  ---
  duration_ms: 6.635368
  type: 'test'
  location: '/mnt/data/ub-next/test/client-snapshot.test.mjs:69:3'
  failureType: 'testCodeFailure'
  error: 'Missing expected rejection.'
  code: 'ERR_ASSERTION'
  name: 'AssertionError'
  operator: 'rejects'
  stack: |-
    async TestContext.<anonymous> (file:///mnt/data/ub-next/test/client-snapshot.test.mjs:70:5)
    async Test.run (node:internal/test_runner/test:1054:7)
    async Test.processPendingSubtests (node:internal/test_runner/test:744:7)
  ...
