TAP version 13
# Subtest: client lineage CLI: preload is a file URL with platform-safe path round trip
not ok 1 - client lineage CLI: preload is a file URL with platform-safe path round trip
  ---
  duration_ms: 0.934531
  type: 'test'
  location: '/mnt/data/ub-next/test/client-lineage-cli.test.mjs:47:1'
  failureType: 'testCodeFailure'
  error: 'Invalid URL'
  code: 'ERR_INVALID_URL'
  name: 'TypeError'
  stack: |-
    new URL (node:internal/url:818:25)
    TestContext.<anonymous> (file:///mnt/data/ub-next/test/client-lineage-cli.test.mjs:48:15)
    Test.runInAsyncScope (node:async_hooks:214:14)
    Test.run (node:internal/test_runner/test:1047:25)
    Test.start (node:internal/test_runner/test:944:17)
    startSubtestAfterBootstrap (node:internal/test_runner/harness:296:17)
  ...
1..1
# tests 1
# suites 0
# pass 0
# fail 1
# cancelled 0
# skipped 0
# todo 0
# duration_ms 67.272672
