TAP version 13
# Subtest: portability keeps every fixed baseline contract suite and adds both task suites
not ok 1 - portability keeps every fixed baseline contract suite and adds both task suites
  ---
  duration_ms: 1.706395
  type: 'test'
  location: '/mnt/data/ultrabrain-task-module/test/personal-jobs.test.mjs:65:1'
  failureType: 'testCodeFailure'
  error: 'Missing previously accepted or new suite: test/personal-document-module.test.mjs'
  code: 'ERR_ASSERTION'
  name: 'AssertionError'
  expected: true
  actual: false
  operator: '=='
  stack: |-
    TestContext.<anonymous> (file:///mnt/data/ultrabrain-task-module/test/personal-jobs.test.mjs:73:10)
    async Test.run (node:internal/test_runner/test:1054:7)
    async startSubtestAfterBootstrap (node:internal/test_runner/harness:296:3)
  ...
1..1
# tests 1
# suites 0
# pass 0
# fail 1
# cancelled 0
# skipped 0
# todo 0
# duration_ms 68.759802
